
> workload-automator@0.0.0 build
> tsc -b && vite build

src/components/ErrorBoundary.tsx(1,8): error TS6133: 'React' is declared but its value is never read.
src/components/ErrorBoundary.tsx(1,28): error TS1484: 'ErrorInfo' is a type and must be imported using a type-only import when 'verbatimModuleSyntax' is enabled.
src/components/ErrorBoundary.tsx(1,39): error TS1484: 'ReactNode' is a type and must be imported using a type-only import when 'verbatimModuleSyntax' is enabled.
src/pages/Dashboard.tsx(2,44): error TS6133: 'addDays' is declared but its value is never read.
src/pages/Dashboard.tsx(2,137): error TS6133: 'endOfDay' is declared but its value is never read.
src/pages/Dashboard.tsx(3,47): error TS6133: 'Clock' is declared but its value is never read.
src/pages/Dashboard.tsx(3,54): error TS6133: 'Calendar' is declared but its value is never read.
src/pages/Dashboard.tsx(3,91): error TS6133: 'Edit' is declared but its value is never read.
src/pages/Dashboard.tsx(3,97): error TS6133: 'Trash2' is declared but its value is never read.
src/pages/Dashboard.tsx(15,32): error TS6133: 'deleteTask' is declared but its value is never read.
src/pages/Dashboard.tsx(21,12): error TS6133: 'timeRange' is declared but its value is never read.
src/pages/Dashboard.tsx(75,11): error TS6133: 'tasksPending' is declared but its value is never read.
src/pages/Dashboard.tsx(77,11): error TS6133: 'tasksProgress' is declared but its value is never read.
src/pages/Dashboard.tsx(80,11): error TS6133: 'overdueProgress' is declared but its value is never read.
src/pages/Dashboard.tsx(84,11): error TS6133: 'remindersProgress' is declared but its value is never read.
src/pages/Dashboard.tsx(87,11): error TS6133: 'autosProgress' is declared but its value is never read.
src/pages/Dashboard.tsx(195,60): error TS2552: Cannot find name 'stats'. Did you mean 'status'?
src/pages/Dashboard.tsx(195,86): error TS2552: Cannot find name 'stats'. Did you mean 'status'?
src/pages/Dashboard.tsx(196,58): error TS2552: Cannot find name 'stats'. Did you mean 'status'?
src/pages/Dashboard.tsx(196,84): error TS2552: Cannot find name 'stats'. Did you mean 'status'?
src/pages/Dashboard.tsx(197,59): error TS2552: Cannot find name 'stats'. Did you mean 'status'?
src/pages/Dashboard.tsx(197,90): error TS2552: Cannot find name 'stats'. Did you mean 'status'?
src/pages/Dashboard.tsx(198,58): error TS2552: Cannot find name 'stats'. Did you mean 'status'?
src/pages/Dashboard.tsx(198,90): error TS2552: Cannot find name 'stats'. Did you mean 'status'?
src/pages/ReportsPage.tsx(7,29): error TS6133: 'tasksLoading' is declared but its value is never read.
src/pages/ReportsPage.tsx(8,35): error TS6133: 'automationsLoading' is declared but its value is never read.
src/pages/RoutinesPage.tsx(2,16): error TS6133: 'Edit2' is declared but its value is never read.
src/pages/TasksPage.tsx(2,10): error TS6133: 'Plus' is declared but its value is never read.
src/pages/TasksPage.tsx(2,23): error TS6133: 'MoreVertical' is declared but its value is never read.
src/pages/TasksPage.tsx(6,1): error TS6133: 'Task' is declared but its value is never read.
src/services/firestore.ts(8,5): error TS6133: 'where' is declared but its value is never read.
src/services/firestore.ts(12,5): error TS6133: 'getDocs' is declared but its value is never read.
